This is pdfTeX, Version 3.141592653-2.6-1.40.27 (TeX Live 2025) (preloaded format=pdflatex 2025.3.8)  15 AUG 2026 18:55
entering extended mode
 restricted \write18 enabled.
 %&-line parsing enabled.
**supplement.tex
(./supplement.tex
LaTeX2e <2024-11-01> patch level 2
L3 programming layer <2025-01-18>
(./elsarticle.cls
Document Class: elsarticle 2025/01/11, 3.4c: Elsevier Ltd
(/usr/local/texlive/2025/texmf-dist/tex/latex/base/fontenc.sty
Package: fontenc 2021/04/29 v2.0v Standard LaTeX package
)
(/usr/local/texlive/2025/texmf-dist/tex/latex/l3kernel/expl3.sty
Package: expl3 2025-01-18 L3 programming layer (loader) 

(/usr/local/texlive/2025/texmf-dist/tex/latex/l3backend/l3backend-pdftex.def
File: l3backend-pdftex.def 2024-05-08 L3 backend support: PDF output (pdfTeX)
\l__color_backend_stack_int=\count196
\l__pdf_internal_box=\box52
))
(/usr/local/texlive/2025/texmf-dist/tex/latex/l3packages/xparse/xparse.sty
Package: xparse 2024-08-16 L3 Experimental document command parser
)
(/usr/local/texlive/2025/texmf-dist/tex/latex/etoolbox/etoolbox.sty
Package: etoolbox 2025/02/11 v2.5l e-TeX tools for LaTeX (JAW)
\etb@tempcnta=\count197
)
\@bls=\dimen141

(/usr/local/texlive/2025/texmf-dist/tex/latex/base/article.cls
Document Class: article 2024/06/29 v1.4n Standard LaTeX document class
(/usr/local/texlive/2025/texmf-dist/tex/latex/base/size11.clo
File: size11.clo 2024/06/29 v1.4n Standard LaTeX file (size option)
)
\c@part=\count198
\c@section=\count199
\c@subsection=\count266
\c@subsubsection=\count267
\c@paragraph=\count268
\c@subparagraph=\count269
\c@figure=\count270
\c@table=\count271
\abovecaptionskip=\skip49
\belowcaptionskip=\skip50
\bibindent=\dimen142
)
(/usr/local/texlive/2025/texmf-dist/tex/latex/graphics/graphicx.sty
Package: graphicx 2021/09/16 v1.2d Enhanced LaTeX Graphics (DPC,SPQR)

(/usr/local/texlive/2025/texmf-dist/tex/latex/graphics/keyval.sty
Package: keyval 2022/05/29 v1.15 key=value parser (DPC)
\KV@toks@=\toks17
)
(/usr/local/texlive/2025/texmf-dist/tex/latex/graphics/graphics.sty
Package: graphics 2024/08/06 v1.4g Standard LaTeX Graphics (DPC,SPQR)

(/usr/local/texlive/2025/texmf-dist/tex/latex/graphics/trig.sty
Package: trig 2023/12/02 v1.11 sin cos tan (DPC)
)
(/usr/local/texlive/2025/texmf-dist/tex/latex/graphics-cfg/graphics.cfg
File: graphics.cfg 2016/06/04 v1.11 sample graphics configuration
)
Package graphics Info: Driver file: pdftex.def on input line 106.

(/usr/local/texlive/2025/texmf-dist/tex/latex/graphics-def/pdftex.def
File: pdftex.def 2024/04/13 v1.2c Graphics/color driver for pdftex
))
\Gin@req@height=\dimen143
\Gin@req@width=\dimen144
)
\c@tnote=\count272
\c@fnote=\count273
\c@cnote=\count274
\c@ead=\count275
\c@elsarticle@author=\count276
\@eadauthor=\toks18
\c@affn=\count277
\absbox=\box53
\elsarticlehighlightsbox=\box54
\elsarticlegrabsbox=\box55
\keybox=\box56
\Columnwidth=\dimen145
\space@left=\dimen146
\els@boxa=\box57
\els@boxb=\box58
\leftMargin=\dimen147
\@enLab=\toks19
\@sep=\skip51
\@@sep=\skip52

(./supplement.spl)
(/usr/local/texlive/2025/texmf-dist/tex/latex/natbib/natbib.sty
Package: natbib 2010/09/13 8.31b (PWD, AO)
\bibhang=\skip53
\bibsep=\skip54
LaTeX Info: Redefining \cite on input line 694.
\c@NAT@ctr=\count278
)
\splwrite=\write3
\openout3 = `supplement.spl'.

\appnamewidth=\dimen148
)
(/usr/local/texlive/2025/texmf-dist/tex/latex/base/inputenc.sty
Package: inputenc 2024/02/08 v1.3d Input encoding file
\inpenc@prehook=\toks20
\inpenc@posthook=\toks21
)
(/usr/local/texlive/2025/texmf-dist/tex/latex/base/fontenc.sty
Package: fontenc 2021/04/29 v2.0v Standard LaTeX package
)
(/usr/local/texlive/2025/texmf-dist/tex/latex/lm/lmodern.sty
Package: lmodern 2015/05/01 v1.6.1 Latin Modern Fonts
LaTeX Font Info:    Overwriting symbol font `operators' in version `normal'
(Font)                  OT1/cmr/m/n --> OT1/lmr/m/n on input line 22.
LaTeX Font Info:    Overwriting symbol font `letters' in version `normal'
(Font)                  OML/cmm/m/it --> OML/lmm/m/it on input line 23.
LaTeX Font Info:    Overwriting symbol font `symbols' in version `normal'
(Font)                  OMS/cmsy/m/n --> OMS/lmsy/m/n on input line 24.
LaTeX Font Info:    Overwriting symbol font `largesymbols' in version `normal'
(Font)                  OMX/cmex/m/n --> OMX/lmex/m/n on input line 25.
LaTeX Font Info:    Overwriting symbol font `operators' in version `bold'
(Font)                  OT1/cmr/bx/n --> OT1/lmr/bx/n on input line 26.
LaTeX Font Info:    Overwriting symbol font `letters' in version `bold'
(Font)                  OML/cmm/b/it --> OML/lmm/b/it on input line 27.
LaTeX Font Info:    Overwriting symbol font `symbols' in version `bold'
(Font)                  OMS/cmsy/b/n --> OMS/lmsy/b/n on input line 28.
LaTeX Font Info:    Overwriting symbol font `largesymbols' in version `bold'
(Font)                  OMX/cmex/m/n --> OMX/lmex/m/n on input line 29.
LaTeX Font Info:    Overwriting math alphabet `\mathbf' in version `normal'
(Font)                  OT1/cmr/bx/n --> OT1/lmr/bx/n on input line 31.
LaTeX Font Info:    Overwriting math alphabet `\mathsf' in version `normal'
(Font)                  OT1/cmss/m/n --> OT1/lmss/m/n on input line 32.
LaTeX Font Info:    Overwriting math alphabet `\mathit' in version `normal'
(Font)                  OT1/cmr/m/it --> OT1/lmr/m/it on input line 33.
LaTeX Font Info:    Overwriting math alphabet `\mathtt' in version `normal'
(Font)                  OT1/cmtt/m/n --> OT1/lmtt/m/n on input line 34.
LaTeX Font Info:    Overwriting math alphabet `\mathbf' in version `bold'
(Font)                  OT1/cmr/bx/n --> OT1/lmr/bx/n on input line 35.
LaTeX Font Info:    Overwriting math alphabet `\mathsf' in version `bold'
(Font)                  OT1/cmss/bx/n --> OT1/lmss/bx/n on input line 36.
LaTeX Font Info:    Overwriting math alphabet `\mathit' in version `bold'
(Font)                  OT1/cmr/bx/it --> OT1/lmr/bx/it on input line 37.
LaTeX Font Info:    Overwriting math alphabet `\mathtt' in version `bold'
(Font)                  OT1/cmtt/m/n --> OT1/lmtt/m/n on input line 38.
)
(/usr/local/texlive/2025/texmf-dist/tex/latex/amsmath/amsmath.sty
Package: amsmath 2024/11/05 v2.17t AMS math features
\@mathmargin=\skip55

For additional information on amsmath, use the `?' option.
(/usr/local/texlive/2025/texmf-dist/tex/latex/amsmath/amstext.sty
Package: amstext 2021/08/26 v2.01 AMS text

(/usr/local/texlive/2025/texmf-dist/tex/latex/amsmath/amsgen.sty
File: amsgen.sty 1999/11/30 v2.0 generic functions
\@emptytoks=\toks22
\ex@=\dimen149
))
(/usr/local/texlive/2025/texmf-dist/tex/latex/amsmath/amsbsy.sty
Package: amsbsy 1999/11/29 v1.2d Bold Symbols
\pmbraise@=\dimen150
)
(/usr/local/texlive/2025/texmf-dist/tex/latex/amsmath/amsopn.sty
Package: amsopn 2022/04/08 v2.04 operator names
)
\inf@bad=\count279
LaTeX Info: Redefining \frac on input line 233.
\uproot@=\count280
\leftroot@=\count281
LaTeX Info: Redefining \overline on input line 398.
LaTeX Info: Redefining \colon on input line 409.
\classnum@=\count282
\DOTSCASE@=\count283
LaTeX Info: Redefining \ldots on input line 495.
LaTeX Info: Redefining \dots on input line 498.
LaTeX Info: Redefining \cdots on input line 619.
\Mathstrutbox@=\box59
\strutbox@=\box60
LaTeX Info: Redefining \big on input line 721.
LaTeX Info: Redefining \Big on input line 722.
LaTeX Info: Redefining \bigg on input line 723.
LaTeX Info: Redefining \Bigg on input line 724.
\big@size=\dimen151
LaTeX Font Info:    Redeclaring font encoding OML on input line 742.
LaTeX Font Info:    Redeclaring font encoding OMS on input line 743.
\macc@depth=\count284
LaTeX Info: Redefining \bmod on input line 904.
LaTeX Info: Redefining \pmod on input line 909.
LaTeX Info: Redefining \smash on input line 939.
LaTeX Info: Redefining \relbar on input line 969.
LaTeX Info: Redefining \Relbar on input line 970.
\c@MaxMatrixCols=\count285
\dotsspace@=\muskip17
\c@parentequation=\count286
\dspbrk@lvl=\count287
\tag@help=\toks23
\row@=\count288
\column@=\count289
\maxfields@=\count290
\andhelp@=\toks24
\eqnshift@=\dimen152
\alignsep@=\dimen153
\tagshift@=\dimen154
\tagwidth@=\dimen155
\totwidth@=\dimen156
\lineht@=\dimen157
\@envbody=\toks25
\multlinegap=\skip56
\multlinetaggap=\skip57
\mathdisplay@stack=\toks26
LaTeX Info: Redefining \[ on input line 2953.
LaTeX Info: Redefining \] on input line 2954.
)
(/usr/local/texlive/2025/texmf-dist/tex/latex/amsfonts/amssymb.sty
Package: amssymb 2013/01/14 v3.01 AMS font symbols

(/usr/local/texlive/2025/texmf-dist/tex/latex/amsfonts/amsfonts.sty
Package: amsfonts 2013/01/14 v3.01 Basic AMSFonts support
\symAMSa=\mathgroup4
\symAMSb=\mathgroup5
LaTeX Font Info:    Redeclaring math symbol \hbar on input line 98.
LaTeX Font Info:    Overwriting math alphabet `\mathfrak' in version `bold'
(Font)                  U/euf/m/n --> U/euf/b/n on input line 106.
))
(/usr/local/texlive/2025/texmf-dist/tex/latex/amscls/amsthm.sty
Package: amsthm 2020/05/29 v2.20.6
\thm@style=\toks27
\thm@bodyfont=\toks28
\thm@headfont=\toks29
\thm@notefont=\toks30
\thm@headpunct=\toks31
\thm@preskip=\skip58
\thm@postskip=\skip59
\thm@headsep=\skip60
\dth@everypar=\toks32
LaTeX Info: Redefining \qed on input line 273.
)
(/usr/local/texlive/2025/texmf-dist/tex/latex/booktabs/booktabs.sty
Package: booktabs 2020/01/12 v1.61803398 Publication quality tables
\heavyrulewidth=\dimen158
\lightrulewidth=\dimen159
\cmidrulewidth=\dimen160
\belowrulesep=\dimen161
\belowbottomsep=\dimen162
\aboverulesep=\dimen163
\abovetopsep=\dimen164
\cmidrulesep=\dimen165
\cmidrulekern=\dimen166
\defaultaddspace=\dimen167
\@cmidla=\count291
\@cmidlb=\count292
\@aboverulesep=\dimen168
\@belowrulesep=\dimen169
\@thisruleclass=\count293
\@lastruleclass=\count294
\@thisrulewidth=\dimen170
)
(/usr/local/texlive/2025/texmf-dist/tex/latex/siunitx/siunitx.sty
Package: siunitx 2025-02-27 v3.4.6 A comprehensive (SI) units package
\l__siunitx_number_uncert_offset_int=\count295
\l__siunitx_number_exponent_fixed_int=\count296
\l__siunitx_number_min_decimal_int=\count297
\l__siunitx_number_min_integer_int=\count298
\l__siunitx_number_round_precision_int=\count299
\l__siunitx_number_lower_threshold_int=\count300
\l__siunitx_number_upper_threshold_int=\count301
\l__siunitx_number_group_first_int=\count302
\l__siunitx_number_group_size_int=\count303
\l__siunitx_number_group_minimum_int=\count304
\l__siunitx_angle_tmp_dim=\dimen171
\l__siunitx_angle_marker_box=\box61
\l__siunitx_angle_unit_box=\box62
\l__siunitx_compound_count_int=\count305

(/usr/local/texlive/2025/texmf-dist/tex/latex/translations/translations.sty
Package: translations 2022/02/05 v1.12 internationalization of LaTeX2e packages
 (CN)

(/usr/local/texlive/2025/texmf-dist/tex/generic/pdftexcmds/pdftexcmds.sty
Package: pdftexcmds 2020-06-27 v0.33 Utility functions of pdfTeX for LuaTeX (HO
)

(/usr/local/texlive/2025/texmf-dist/tex/generic/infwarerr/infwarerr.sty
Package: infwarerr 2019/12/03 v1.5 Providing info/warning/error messages (HO)
)
(/usr/local/texlive/2025/texmf-dist/tex/generic/iftex/iftex.sty
Package: iftex 2024/12/12 v1.0g TeX engine tests
)
(/usr/local/texlive/2025/texmf-dist/tex/generic/ltxcmds/ltxcmds.sty
Package: ltxcmds 2023-12-04 v1.26 LaTeX kernel commands for general use (HO)
)
Package pdftexcmds Info: \pdf@primitive is available.
Package pdftexcmds Info: \pdf@ifprimitive is available.
Package pdftexcmds Info: \pdfdraftmode found.
))
\l__siunitx_table_tmp_box=\box63
\l__siunitx_table_tmp_dim=\dimen172
\l__siunitx_table_column_width_dim=\dimen173
\l__siunitx_table_integer_box=\box64
\l__siunitx_table_decimal_box=\box65
\l__siunitx_table_uncert_box=\box66
\l__siunitx_table_before_box=\box67
\l__siunitx_table_after_box=\box68
\l__siunitx_table_before_dim=\dimen174
\l__siunitx_table_carry_dim=\dimen175
\l__siunitx_unit_tmp_int=\count306
\l__siunitx_unit_position_int=\count307
\l__siunitx_unit_total_int=\count308

(/usr/local/texlive/2025/texmf-dist/tex/latex/tools/array.sty
Package: array 2024/10/17 v2.6g Tabular extension package (FMi)
\col@sep=\dimen176
\ar@mcellbox=\box69
\extrarowheight=\dimen177
\NC@list=\toks33
\extratabsurround=\skip61
\backup@length=\skip62
\ar@cellbox=\box70
))
(/usr/local/texlive/2025/texmf-dist/tex/latex/xurl/xurl.sty
Package: xurl 2022/01/09 v 0.10 modify URL breaks

(/usr/local/texlive/2025/texmf-dist/tex/latex/url/url.sty
\Urlmuskip=\muskip18
Package: url 2013/09/16  ver 3.4  Verb mode for urls, etc.
))
(/usr/local/texlive/2025/texmf-dist/tex/latex/hyperref/hyperref.sty
Package: hyperref 2024-11-05 v7.01l Hypertext links for LaTeX

(/usr/local/texlive/2025/texmf-dist/tex/latex/kvsetkeys/kvsetkeys.sty
Package: kvsetkeys 2022-10-05 v1.19 Key value parser (HO)
)
(/usr/local/texlive/2025/texmf-dist/tex/generic/kvdefinekeys/kvdefinekeys.sty
Package: kvdefinekeys 2019-12-19 v1.6 Define keys (HO)
)
(/usr/local/texlive/2025/texmf-dist/tex/generic/pdfescape/pdfescape.sty
Package: pdfescape 2019/12/09 v1.15 Implements pdfTeX's escape features (HO)
)
(/usr/local/texlive/2025/texmf-dist/tex/latex/hycolor/hycolor.sty
Package: hycolor 2020-01-27 v1.10 Color options for hyperref/bookmark (HO)
)
(/usr/local/texlive/2025/texmf-dist/tex/latex/hyperref/nameref.sty
Package: nameref 2023-11-26 v2.56 Cross-referencing by name of section

(/usr/local/texlive/2025/texmf-dist/tex/latex/refcount/refcount.sty
Package: refcount 2019/12/15 v3.6 Data extraction from label references (HO)
)
(/usr/local/texlive/2025/texmf-dist/tex/generic/gettitlestring/gettitlestring.s
ty
Package: gettitlestring 2019/12/15 v1.6 Cleanup title references (HO)
 (/usr/local/texlive/2025/texmf-dist/tex/latex/kvoptions/kvoptions.sty
Package: kvoptions 2022-06-15 v3.15 Key value format for package options (HO)
))
\c@section@level=\count309
)
(/usr/local/texlive/2025/texmf-dist/tex/generic/stringenc/stringenc.sty
Package: stringenc 2019/11/29 v1.12 Convert strings between diff. encodings (HO
)
)
\@linkdim=\dimen178
\Hy@linkcounter=\count310
\Hy@pagecounter=\count311

(/usr/local/texlive/2025/texmf-dist/tex/latex/hyperref/pd1enc.def
File: pd1enc.def 2024-11-05 v7.01l Hyperref: PDFDocEncoding definition (HO)
Now handling font encoding PD1 ...
... no UTF-8 mapping file for font encoding PD1
)
(/usr/local/texlive/2025/texmf-dist/tex/generic/intcalc/intcalc.sty
Package: intcalc 2019/12/15 v1.3 Expandable calculations with integers (HO)
)
\Hy@SavedSpaceFactor=\count312

(/usr/local/texlive/2025/texmf-dist/tex/latex/hyperref/puenc.def
File: puenc.def 2024-11-05 v7.01l Hyperref: PDF Unicode definition (HO)
Now handling font encoding PU ...
... no UTF-8 mapping file for font encoding PU
)
Package hyperref Info: Hyper figures OFF on input line 4157.
Package hyperref Info: Link nesting OFF on input line 4162.
Package hyperref Info: Hyper index ON on input line 4165.
Package hyperref Info: Plain pages OFF on input line 4172.
Package hyperref Info: Backreferencing OFF on input line 4177.
Package hyperref Info: Implicit mode ON; LaTeX internals redefined.
Package hyperref Info: Bookmarks ON on input line 4424.
\c@Hy@tempcnt=\count313
LaTeX Info: Redefining \url on input line 4763.
\XeTeXLinkMargin=\dimen179

(/usr/local/texlive/2025/texmf-dist/tex/generic/bitset/bitset.sty
Package: bitset 2019/12/09 v1.3 Handle bit-vector datatype (HO)

(/usr/local/texlive/2025/texmf-dist/tex/generic/bigintcalc/bigintcalc.sty
Package: bigintcalc 2019/12/15 v1.5 Expandable calculations on big integers (HO
)
))
\Fld@menulength=\count314
\Field@Width=\dimen180
\Fld@charsize=\dimen181
Package hyperref Info: Hyper figures OFF on input line 6042.
Package hyperref Info: Link nesting OFF on input line 6047.
Package hyperref Info: Hyper index ON on input line 6050.
Package hyperref Info: backreferencing OFF on input line 6057.
Package hyperref Info: Link coloring OFF on input line 6062.
Package hyperref Info: Link coloring with OCG OFF on input line 6067.
Package hyperref Info: PDF/A mode OFF on input line 6072.

(/usr/local/texlive/2025/texmf-dist/tex/latex/base/atbegshi-ltx.sty
Package: atbegshi-ltx 2021/01/10 v1.0c Emulation of the original atbegshi
package with kernel methods
)
\Hy@abspage=\count315
\c@Item=\count316
\c@Hfootnote=\count317
)
Package hyperref Info: Driver (autodetected): hpdftex.

(/usr/local/texlive/2025/texmf-dist/tex/latex/hyperref/hpdftex.def
File: hpdftex.def 2024-11-05 v7.01l Hyperref driver for pdfTeX

(/usr/local/texlive/2025/texmf-dist/tex/latex/base/atveryend-ltx.sty
Package: atveryend-ltx 2020/08/19 v1.0a Emulation of the original atveryend pac
kage
with kernel methods
)
\Fld@listcount=\count318
\c@bookmark@seq@number=\count319

(/usr/local/texlive/2025/texmf-dist/tex/latex/rerunfilecheck/rerunfilecheck.sty
Package: rerunfilecheck 2022-07-10 v1.10 Rerun checks for auxiliary files (HO)

(/usr/local/texlive/2025/texmf-dist/tex/generic/uniquecounter/uniquecounter.sty
Package: uniquecounter 2019/12/15 v1.4 Provide unlimited unique counter (HO)
)
Package uniquecounter Info: New unique counter `rerunfilecheck' on input line 2
85.
)
\Hy@SectionHShift=\skip63
) (/usr/local/texlive/2025/texmf-dist/tex/latex/cleveref/cleveref.sty
Package: cleveref 2018/03/27 v0.21.4 Intelligent cross-referencing
Package cleveref Info: `hyperref' support loaded on input line 2370.
LaTeX Info: Redefining \cref on input line 2370.
LaTeX Info: Redefining \Cref on input line 2370.
LaTeX Info: Redefining \crefrange on input line 2370.
LaTeX Info: Redefining \Crefrange on input line 2370.
LaTeX Info: Redefining \cpageref on input line 2370.
LaTeX Info: Redefining \Cpageref on input line 2370.
LaTeX Info: Redefining \cpagerefrange on input line 2370.
LaTeX Info: Redefining \Cpagerefrange on input line 2370.
LaTeX Info: Redefining \labelcref on input line 2370.
LaTeX Info: Redefining \labelcpageref on input line 2370.
Package cleveref Info: `amsthm' support loaded on input line 3026.
Package cleveref Info: always capitalise cross-reference names on input line 78
25.
Package cleveref Info: include cross-reference names in hyperlinks on input lin
e 7836.
Package cleveref Info: always capitalise cross-reference names on input line 78
52.
Package cleveref Info: include cross-reference names in hyperlinks on input lin
e 7852.
)
(/usr/local/texlive/2025/texmf-dist/tex/latex/xcolor/xcolor.sty
Package: xcolor 2024/09/29 v3.02 LaTeX color extensions (UK)

(/usr/local/texlive/2025/texmf-dist/tex/latex/graphics-cfg/color.cfg
File: color.cfg 2016/01/02 v1.6 sample color configuration
)
Package xcolor Info: Driver file: pdftex.def on input line 274.

(/usr/local/texlive/2025/texmf-dist/tex/latex/graphics/mathcolor.ltx)
Package xcolor Info: Model `cmy' substituted by `cmy0' on input line 1349.
Package xcolor Info: Model `hsb' substituted by `rgb' on input line 1353.
Package xcolor Info: Model `RGB' extended on input line 1365.
Package xcolor Info: Model `HTML' substituted by `rgb' on input line 1367.
Package xcolor Info: Model `Hsb' substituted by `hsb' on input line 1368.
Package xcolor Info: Model `tHsb' substituted by `hsb' on input line 1369.
Package xcolor Info: Model `HSB' substituted by `hsb' on input line 1370.
Package xcolor Info: Model `Gray' substituted by `gray' on input line 1371.
Package xcolor Info: Model `wave' substituted by `hsb' on input line 1372.
)
(/usr/local/texlive/2025/texmf-dist/tex/latex/tools/longtable.sty
Package: longtable 2024-10-27 v4.22 Multi-page Table package (DPC)
\LTleft=\skip64
\LTright=\skip65
\LTpre=\skip66
\LTpost=\skip67
\LTchunksize=\count320
\LTcapwidth=\dimen182
\LT@head=\box71
\LT@firsthead=\box72
\LT@foot=\box73
\LT@lastfoot=\box74
\LT@gbox=\box75
\LT@cols=\count321
\LT@rows=\count322
\c@LT@tables=\count323
\c@LT@chunks=\count324
\LT@p@ftn=\toks34
)
(/usr/local/texlive/2025/texmf-dist/tex/latex/enumitem/enumitem.sty
Package: enumitem 2025/02/06 v3.11 Customized lists
\labelindent=\skip68
\enit@outerparindent=\dimen183
\enit@toks=\toks35
\enit@inbox=\box76
\enit@count@id=\count325
\enitdp@description=\count326
)
(/usr/local/texlive/2025/texmf-dist/tex/latex/tools/calc.sty
Package: calc 2023/07/08 v4.3 Infix arithmetic (KKT,FJ)
\calc@Acount=\count327
\calc@Bcount=\count328
\calc@Adimen=\dimen184
\calc@Bdimen=\dimen185
\calc@Askip=\skip69
\calc@Bskip=\skip70
LaTeX Info: Redefining \setlength on input line 80.
LaTeX Info: Redefining \addtolength on input line 81.
\calc@Ccount=\count329
\calc@Cskip=\skip71
)
(/usr/local/texlive/2025/texmf-dist/tex/latex/multirow/multirow.sty
Package: multirow 2024/11/12 v2.9 Span multiple rows of a table
\multirow@colwidth=\skip72
\multirow@cntb=\count330
\multirow@dima=\skip73
\bigstrutjot=\dimen186
)
(/usr/local/texlive/2025/texmf-dist/tex/latex/geometry/geometry.sty
Package: geometry 2020/01/02 v5.9 Page Geometry

(/usr/local/texlive/2025/texmf-dist/tex/generic/iftex/ifvtex.sty
Package: ifvtex 2019/10/25 v1.7 ifvtex legacy package. Use iftex instead.
)
\Gm@cnth=\count331
\Gm@cntv=\count332
\c@Gm@tempcnt=\count333
\Gm@bindingoffset=\dimen187
\Gm@wd@mp=\dimen188
\Gm@odd@mp=\dimen189
\Gm@even@mp=\dimen190
\Gm@layoutwidth=\dimen191
\Gm@layoutheight=\dimen192
\Gm@layouthoffset=\dimen193
\Gm@layoutvoffset=\dimen194
\Gm@dimlist=\toks36
)
(/usr/local/texlive/2025/texmf-dist/tex/latex/microtype/microtype.sty
Package: microtype 2025/02/11 v3.2a Micro-typographical refinements (RS)
\MT@toks=\toks37
\MT@tempbox=\box77
\MT@count=\count334
LaTeX Info: Redefining \noprotrusionifhmode on input line 1087.
LaTeX Info: Redefining \leftprotrusion on input line 1088.
\MT@prot@toks=\toks38
LaTeX Info: Redefining \rightprotrusion on input line 1107.
LaTeX Info: Redefining \textls on input line 1449.
\MT@outer@kern=\dimen195
LaTeX Info: Redefining \microtypecontext on input line 2053.
LaTeX Info: Redefining \textmicrotypecontext on input line 2070.
\MT@listname@count=\count335

(/usr/local/texlive/2025/texmf-dist/tex/latex/microtype/microtype-pdftex.def
File: microtype-pdftex.def 2025/02/11 v3.2a Definitions specific to pdftex (RS)

LaTeX Info: Redefining \lsstyle on input line 944.
LaTeX Info: Redefining \lslig on input line 944.
\MT@outer@space=\skip74
)
Package microtype Info: Loading configuration file microtype.cfg.

(/usr/local/texlive/2025/texmf-dist/tex/latex/microtype/microtype.cfg
File: microtype.cfg 2025/02/11 v3.2a microtype main configuration file (RS)
)
LaTeX Info: Redefining \microtypesetup on input line 3065.
)
(/usr/local/texlive/2025/texmf-dist/tex/latex/caption/caption.sty
Package: caption 2023/08/05 v3.6o Customizing captions (AR)

(/usr/local/texlive/2025/texmf-dist/tex/latex/caption/caption3.sty
Package: caption3 2023/07/31 v2.4d caption3 kernel (AR)
\caption@tempdima=\dimen196
\captionmargin=\dimen197
\caption@leftmargin=\dimen198
\caption@rightmargin=\dimen199
\caption@width=\dimen256
\caption@indent=\dimen257
\caption@parindent=\dimen258
\caption@hangindent=\dimen259
Package caption Info: elsarticle document class detected.

(/usr/local/texlive/2025/texmf-dist/tex/latex/caption/caption-elsarticle.sto
File: caption-elsarticle.sto 2020/08/22 v2.0 Adaption of the caption package to
 the elsarticle document class (AR)
))
\c@caption@flags=\count336
\c@continuedfloat=\count337
Package caption Info: hyperref package is loaded.
Package caption Info: longtable package is loaded.

(/usr/local/texlive/2025/texmf-dist/tex/latex/caption/ltcaption.sty
Package: ltcaption 2021/01/08 v1.4c longtable captions (AR)
))
   defining Unicode char U+25AB (decimal 9643)
   defining Unicode char U+03C1 (decimal 961)
   defining Unicode char U+0394 (decimal 916)
   defining Unicode char U+00A7 (decimal 167)
   defining Unicode char U+2013 (decimal 8211)
   defining Unicode char U+2020 (decimal 8224)
   defining Unicode char U+2021 (decimal 8225)
Package translations Info: No language package found. I am going to use `englis
h' as default language. on input line 59.
LaTeX Font Info:    Trying to load font information for T1+lmr on input line 59
.

(/usr/local/texlive/2025/texmf-dist/tex/latex/lm/t1lmr.fd
File: t1lmr.fd 2015/05/01 v1.6.1 Font defs for Latin Modern
) (./supplement.aux)
\openout1 = `supplement.aux'.

LaTeX Font Info:    Checking defaults for OML/cmm/m/it on input line 59.
LaTeX Font Info:    ... okay on input line 59.
LaTeX Font Info:    Checking defaults for OMS/cmsy/m/n on input line 59.
LaTeX Font Info:    ... okay on input line 59.
LaTeX Font Info:    Checking defaults for OT1/cmr/m/n on input line 59.
LaTeX Font Info:    ... okay on input line 59.
LaTeX Font Info:    Checking defaults for T1/cmr/m/n on input line 59.
LaTeX Font Info:    ... okay on input line 59.
LaTeX Font Info:    Checking defaults for TS1/cmr/m/n on input line 59.
LaTeX Font Info:    ... okay on input line 59.
LaTeX Font Info:    Checking defaults for OMX/cmex/m/n on input line 59.
LaTeX Font Info:    ... okay on input line 59.
LaTeX Font Info:    Checking defaults for U/cmr/m/n on input line 59.
LaTeX Font Info:    ... okay on input line 59.
LaTeX Font Info:    Checking defaults for PD1/pdf/m/n on input line 59.
LaTeX Font Info:    ... okay on input line 59.
LaTeX Font Info:    Checking defaults for PU/pdf/m/n on input line 59.
LaTeX Font Info:    ... okay on input line 59.

(/usr/local/texlive/2025/texmf-dist/tex/context/base/mkii/supp-pdf.mkii
[Loading MPS to PDF converter (version 2006.09.02).]
\scratchcounter=\count338
\scratchdimen=\dimen260
\scratchbox=\box78
\nofMPsegments=\count339
\nofMParguments=\count340
\everyMPshowfont=\toks39
\MPscratchCnt=\count341
\MPscratchDim=\dimen261
\MPnumerator=\count342
\makeMPintoPDFobject=\count343
\everyMPtoPDFconversion=\toks40
) (/usr/local/texlive/2025/texmf-dist/tex/latex/epstopdf-pkg/epstopdf-base.sty
Package: epstopdf-base 2020-01-24 v2.11 Base part for package epstopdf
Package epstopdf-base Info: Redefining graphics rule for `.eps' on input line 4
85.

(/usr/local/texlive/2025/texmf-dist/tex/latex/latexconfig/epstopdf-sys.cfg
File: epstopdf-sys.cfg 2010/07/13 v1.3 Configuration of (r)epstopdf for TeX Liv
e
))
(/usr/local/texlive/2025/texmf-dist/tex/latex/translations/translations-basic-d
ictionary-english.trsl
File: translations-basic-dictionary-english.trsl (english translation file `tra
nslations-basic-dictionary')
)
Package translations Info: loading dictionary `translations-basic-dictionary' f
or `english'. on input line 59.
Package hyperref Info: Link coloring OFF on input line 59.
 (./supplement.out) (./supplement.out)
\@outlinefile=\write4
\openout4 = `supplement.out'.


*geometry* driver: auto-detecting
*geometry* detected driver: pdftex
*geometry* verbose mode - [ preamble ] result:
* driver: pdftex
* paper: a4paper
* layout: <same size as paper>
* layoutoffset:(h,v)=(0.0pt,0.0pt)
* modes: 
* h-part:(L,W,R)=(71.13188pt, 455.24411pt, 71.13188pt)
* v-part:(T,H,B)=(71.13188pt, 702.78308pt, 71.13188pt)
* \paperwidth=597.50787pt
* \paperheight=845.04684pt
* \textwidth=455.24411pt
* \textheight=702.78308pt
* \oddsidemargin=-1.1381pt
* \evensidemargin=-1.1381pt
* \topmargin=-38.1381pt
* \headheight=12.0pt
* \headsep=25.0pt
* \topskip=11.0pt
* \footskip=30.0pt
* \marginparwidth=50.0pt
* \marginparsep=10.0pt
* \columnsep=10.0pt
* \skip\footins=24.0pt
* \hoffset=0.0pt
* \voffset=0.0pt
* \mag=1000
* \@twocolumnfalse
* \@twosidefalse
* \@mparswitchfalse
* \@reversemarginfalse
* (1in=72.27pt=25.4mm, 1cm=28.453pt)

LaTeX Info: Redefining \microtypecontext on input line 59.
Package microtype Info: Applying patch `item' on input line 59.
Package microtype Info: Applying patch `toc' on input line 59.
Package microtype Info: Applying patch `eqnum' on input line 59.
Package microtype Info: Applying patch `footnote' on input line 59.
Package microtype Info: Applying patch `verbatim' on input line 59.
LaTeX Info: Redefining \microtypesetup on input line 59.
Package microtype Info: Generating PDF output.
Package microtype Info: Character protrusion enabled (level 2).
Package microtype Info: Using default protrusion set `alltext'.
Package microtype Info: Automatic font expansion enabled (level 2),
(microtype)             stretch: 20, shrink: 20, step: 1, non-selected.
Package microtype Info: Using default expansion set `alltext-nott'.
LaTeX Info: Redefining \showhyphens on input line 59.
Package microtype Info: No adjustment of tracking.
Package microtype Info: No adjustment of interword spacing.
Package microtype Info: No adjustment of character kerning.
(/usr/local/texlive/2025/texmf-dist/tex/latex/microtype/mt-cmr.cfg
File: mt-cmr.cfg 2013/05/19 v2.2 microtype config. file: Computer Modern Roman 
(RS)
)
Package caption Info: Begin \AtBeginDocument code.
Package caption Info: End \AtBeginDocument code.
LaTeX Font Info:    Trying to load font information for OT1+lmr on input line 6
7.

(/usr/local/texlive/2025/texmf-dist/tex/latex/lm/ot1lmr.fd
File: ot1lmr.fd 2015/05/01 v1.6.1 Font defs for Latin Modern
)
LaTeX Font Info:    Trying to load font information for OML+lmm on input line 6
7.

(/usr/local/texlive/2025/texmf-dist/tex/latex/lm/omllmm.fd
File: omllmm.fd 2015/05/01 v1.6.1 Font defs for Latin Modern
)
LaTeX Font Info:    Trying to load font information for OMS+lmsy on input line 
67.

(/usr/local/texlive/2025/texmf-dist/tex/latex/lm/omslmsy.fd
File: omslmsy.fd 2015/05/01 v1.6.1 Font defs for Latin Modern
)
LaTeX Font Info:    Trying to load font information for OMX+lmex on input line 
67.

(/usr/local/texlive/2025/texmf-dist/tex/latex/lm/omxlmex.fd
File: omxlmex.fd 2015/05/01 v1.6.1 Font defs for Latin Modern
)
LaTeX Font Info:    External font `lmex10' loaded for size
(Font)              <14.4> on input line 67.
LaTeX Font Info:    External font `lmex10' loaded for size
(Font)              <10> on input line 67.
LaTeX Font Info:    External font `lmex10' loaded for size
(Font)              <7> on input line 67.
LaTeX Font Info:    Trying to load font information for U+msa on input line 67.


(/usr/local/texlive/2025/texmf-dist/tex/latex/amsfonts/umsa.fd
File: umsa.fd 2013/01/14 v3.01 AMS symbols A
)
(/usr/local/texlive/2025/texmf-dist/tex/latex/microtype/mt-msa.cfg
File: mt-msa.cfg 2006/02/04 v1.1 microtype config. file: AMS symbols (a) (RS)
)
LaTeX Font Info:    Trying to load font information for U+msb on input line 67.


(/usr/local/texlive/2025/texmf-dist/tex/latex/amsfonts/umsb.fd
File: umsb.fd 2013/01/14 v3.01 AMS symbols B
)
(/usr/local/texlive/2025/texmf-dist/tex/latex/microtype/mt-msb.cfg
File: mt-msb.cfg 2005/06/01 v1.0 microtype config. file: AMS symbols (b) (RS)
)
LaTeX Font Info:    External font `lmex10' loaded for size
(Font)              <10.95> on input line 67.
LaTeX Font Info:    External font `lmex10' loaded for size
(Font)              <8> on input line 67.
LaTeX Font Info:    External font `lmex10' loaded for size
(Font)              <6> on input line 67.
LaTeX Font Info:    External font `lmex10' loaded for size
(Font)              <9> on input line 67.
LaTeX Font Info:    External font `lmex10' loaded for size
(Font)              <5> on input line 67.
LaTeX Font Info:    Trying to load font information for T1+lmtt on input line 7
5.

(/usr/local/texlive/2025/texmf-dist/tex/latex/lm/t1lmtt.fd
File: t1lmtt.fd 2015/05/01 v1.6.1 Font defs for Latin Modern
)
Package microtype Info: Loading generic protrusion settings for font family
(microtype)             `lmtt' (encoding: T1).
(microtype)             For optimal results, create family-specific settings.
(microtype)             See the microtype manual for details.

Overfull \hbox (5.49625pt too wide) in paragraph at lines 119--119
 []|\T1/lmr/m/n/10.95 (-20) Supported| 
 []


Overfull \hbox (5.49625pt too wide) in paragraph at lines 129--129
 []|\T1/lmr/m/n/10.95 (-20) Supported| 
 []


Overfull \hbox (62.91562pt too wide) in paragraph at lines 129--135
\T1/lmtt/m/n/10.95 output/tables/T4_per_table_optimality.csv 
 []


Overfull \hbox (5.49625pt too wide) in paragraph at lines 141--141
 []|\T1/lmr/m/n/10.95 (-20) Supported| 
 []


Overfull \hbox (5.49625pt too wide) in paragraph at lines 151--151
 []|\T1/lmr/m/n/10.95 (-20) Supported| 
 []


Overfull \hbox (13.12169pt too wide) in paragraph at lines 166--166
 []|\T1/lmr/m/n/10.95 (-20) Exploratory| 
 []


Overfull \hbox (13.12169pt too wide) in paragraph at lines 179--179
 []|\T1/lmr/m/n/10.95 (-20) Exploratory| 
 []


Overfull \hbox (13.12169pt too wide) in paragraph at lines 195--195
 []|\T1/lmr/m/n/10.95 (-20) Exploratory| 
 []


Overfull \hbox (13.12169pt too wide) in paragraph at lines 206--206
 []|\T1/lmr/m/n/10.95 (-20) Exploratory| 
 []


Overfull \hbox (13.12169pt too wide) in paragraph at lines 218--218
 []|\T1/lmr/m/n/10.95 (-20) Exploratory| 
 []


Overfull \hbox (14.38454pt too wide) in paragraph at lines 255--255
 []|\T1/lmr/m/n/10.95 (-20) Tautological| 
 []


Overfull \hbox (14.38454pt too wide) in paragraph at lines 261--261
 []|\T1/lmr/m/n/10.95 (-20) Tautological| 
 []


Package hyperref Warning: Token not allowed in a PDF string (Unicode):
(hyperref)                removing `math shift' on input line 263.


Package hyperref Warning: Token not allowed in a PDF string (Unicode):
(hyperref)                removing `superscript' on input line 263.


Package hyperref Warning: Token not allowed in a PDF string (Unicode):
(hyperref)                removing `math shift' on input line 263.

[1


{/usr/local/texlive/2025/texmf-var/fonts/map/pdftex/updmap/pdftex.map}{/usr/loc
al/texlive/2025/texmf-dist/fonts/enc/dvips/lm/lm-ec.enc}{/usr/local/texlive/202
5/texmf-dist/fonts/enc/dvips/lm/lm-rm.enc}{/usr/local/texlive/2025/texmf-dist/f
onts/enc/dvips/lm/lm-mathit.enc}{/usr/local/texlive/2025/texmf-dist/fonts/enc/d
vips/lm/lm-mathsy.enc}] [2] [3]
LaTeX Font Info:    Trying to load font information for TS1+lmr on input line 2
94.

(/usr/local/texlive/2025/texmf-dist/tex/latex/lm/ts1lmr.fd
File: ts1lmr.fd 2015/05/01 v1.6.1 Font defs for Latin Modern
)
Overfull \hbox (69.11246pt too wide) in paragraph at lines 319--323
[]\T1/lmr/m/n/10.95 (-20) Full per-encoding re-sults are writ-ten to \T1/lmtt/m
/n/10.95 output/coloring_optimality.json \T1/lmr/m/n/10.95 (-20) (block \T1/lmt
t/m/n/10.95 encoding_sensitivity\T1/lmr/m/n/10.95 (-20) )
 []

<FigA_coloring_null.png, id=233, 505.89pt x 361.35pt>
File: FigA_coloring_null.png Graphic file (type png)
<use FigA_coloring_null.png>
Package pdftex.def Info: FigA_coloring_null.png  used on input line 326.
(pdftex.def)             Requested size: 418.82375pt x 299.16504pt.
<FigD_score_decomposition.png, id=234, 433.62pt x 361.35pt>
File: FigD_score_decomposition.png Graphic file (type png)
<use FigD_score_decomposition.png>
Package pdftex.def Info: FigD_score_decomposition.png  used on input line 339.
(pdftex.def)             Requested size: 418.82375pt x 349.03691pt.


[4{/usr/local/texlive/2025/texmf-dist/fonts/enc/dvips/lm/lm-ts1.enc}]

[5 <./FigA_coloring_null.png>]

[6 <./FigD_score_decomposition.png>]
Overfull \hbox (66.11292pt too wide) in alignment at lines 434--459
 [] [] [] [] [] [] [] 
 []


Overfull \hbox (66.11292pt too wide) in alignment at lines 459--465
 [] [] [] [] [] [] [] 
 []


Overfull \hbox (66.11292pt too wide) in alignment at lines 465--467
 [] [] [] [] [] [] [] 
 []


Overfull \hbox (66.11292pt too wide) in alignment at lines 467--474
 [] [] [] [] [] [] [] 
 []



[7]

Package hyperref Warning: Token not allowed in a PDF string (Unicode):
(hyperref)                removing `\times' on input line 489.



[8{/usr/local/texlive/2025/texmf-dist/fonts/enc/dvips/lm/lm-mathex.enc}]
<FigF_topology_avoidance.png, id=283, 397.485pt x 361.35pt>
File: FigF_topology_avoidance.png Graphic file (type png)
<use FigF_topology_avoidance.png>
Package pdftex.def Info: FigF_topology_avoidance.png  used on input line 598.
(pdftex.def)             Requested size: 418.82375pt x 380.76303pt.

Overfull \hbox (0.51443pt too wide) in paragraph at lines 617--632
[]\T1/lmr/m/n/10.95 (-20) The $\OML/lmm/m/it/10.95 H\OT1/lmr/m/n/10.95 (-20) (3
\OML/lmm/m/it/10.95 ; \OT1/lmr/m/n/10.95 (-20) 4)$ \T1/lmr/m/n/10.95 (-20) Ham-
ming graph is encoding-independent: ev-ery two-bit bi-jec-tion from $[]$
 []



[9]

[10 <./FigF_topology_avoidance.png>]
<FigS_encoding_sweep.png, id=304, 505.89pt x 397.485pt>
File: FigS_encoding_sweep.png Graphic file (type png)
<use FigS_encoding_sweep.png>
Package pdftex.def Info: FigS_encoding_sweep.png  used on input line 668.
(pdftex.def)             Requested size: 418.82375pt x 329.08154pt.
<FigC_rho_robustness.png, id=305, 505.89pt x 361.35pt>
File: FigC_rho_robustness.png Graphic file (type png)
<use FigC_rho_robustness.png>
Package pdftex.def Info: FigC_rho_robustness.png  used on input line 685.
(pdftex.def)             Requested size: 418.82375pt x 299.16504pt.


[11 <./FigS_encoding_sweep.png>]

[12 <./FigC_rho_robustness.png>]
Overfull \hbox (13.72357pt too wide) in paragraph at lines 716--721
[]\T1/lmr/m/n/10.95 (-20) Formally, the pri-mary candidate-universe is $\OMS/lm
sy/m/n/10.95 M\OT1/lmr/m/n/10.95 (-20) (\OML/lmm/m/it/10.95 C\OT1/lmr/m/n/10.95
 (-20) ) = []$
 []



[13]
Overfull \hbox (19.67355pt too wide) in paragraph at lines 924--925
 []|[]|
 []


Overfull \hbox (0.1111pt too wide) in alignment at lines 888--926
 [] [] [] [] [] [] [] 
 []


Overfull \hbox (19.67355pt too wide) in paragraph at lines 935--936
 []|[]|
 []


Overfull \hbox (0.1111pt too wide) in alignment at lines 926--937
 [] [] [] [] [] [] [] 
 []


Overfull \hbox (0.1111pt too wide) in alignment at lines 937--939
 [] [] [] [] [] [] [] 
 []


Overfull \hbox (3.48073pt too wide) in paragraph at lines 940--940
 []|\T1/lmr/m/n/10.95 (-20) Unrestricted| 
 []


Overfull \hbox (0.1111pt too wide) in alignment at lines 939--947
 [] [] [] [] [] [] [] 
 []



[14]

[15]

[16]
<FigB_per_table_optimality.png, id=360, 505.89pt x 469.755pt>
File: FigB_per_table_optimality.png Graphic file (type png)
<use FigB_per_table_optimality.png>
Package pdftex.def Info: FigB_per_table_optimality.png  used on input line 1185
.
(pdftex.def)             Requested size: 418.82375pt x 388.91455pt.


[17]

[18 <./FigB_per_table_optimality.png>]

[19]

[20]
Overfull \hbox (234.11678pt too wide) in alignment at lines 1414--1436
 [] [] [] [] [] [] [] [] [] [] 
 []


Overfull \hbox (234.11678pt too wide) in alignment at lines 1436--1443
 [] [] [] [] [] [] [] [] [] [] 
 []


Overfull \hbox (234.11678pt too wide) in alignment at lines 1443--1445
 [] [] [] [] [] [] [] [] [] [] 
 []


Overfull \hbox (234.11678pt too wide) in alignment at lines 1445--1494
 [] [] [] [] [] [] [] [] [] [] 
 []


Underfull \hbox (badness 6995) in paragraph at lines 1556--1556
[]\T1/lmr/bx/n/10 (+20) Table S12. |\T1/lmr/m/n/10 (+20) Com-plete tRNAscan-SE 
2.0.12 re-sults. The \T1/lmr/bx/n/10 (+20) Supp \T1/lmr/m/n/10 (+20) col-umn an
d the
 []


Overfull \hbox (10.33781pt too wide) in paragraph at lines 1559--1560
[]\T1/lmr/bx/n/10.95 (-20) Organism  
 []


Overfull \hbox (4.55527pt too wide) in paragraph at lines 1561--1562
 []\T1/lmr/bx/n/10.95 (-20) Tbl 
 []


Overfull \hbox (6.67133pt too wide) in paragraph at lines 1565--1566
 []\T1/lmr/bx/n/10.95 (-20) Total
 []


Overfull \hbox (9.70297pt too wide) in paragraph at lines 1567--1568
 []\T1/lmr/bx/n/10.95 (-20) Std20
 []


Overfull \hbox (4.06224pt too wide) in paragraph at lines 1569--1570
 []\T1/lmr/bx/n/10.95 (-20) SeC
 []


Overfull \hbox (6.59035pt too wide) in paragraph at lines 1571--1572
 []\T1/lmr/bx/n/10.95 (-20) Supp
 []


Overfull \hbox (12.48718pt too wide) in paragraph at lines 1573--1574
 []\T1/lmr/bx/n/10.95 (-20) Undet
 []


Overfull \hbox (14.53224pt too wide) in paragraph at lines 1575--1576
 []\T1/lmr/bx/n/10.95 (-20) Pseudo
 []


Overfull \hbox (10.33781pt too wide) in paragraph at lines 1583--1584
[]\T1/lmr/bx/n/10.95 (-20) Organism  
 []


Overfull \hbox (4.55527pt too wide) in paragraph at lines 1585--1586
 []\T1/lmr/bx/n/10.95 (-20) Tbl 
 []


Overfull \hbox (6.67133pt too wide) in paragraph at lines 1589--1590
 []\T1/lmr/bx/n/10.95 (-20) Total
 []


Overfull \hbox (9.70297pt too wide) in paragraph at lines 1591--1592
 []\T1/lmr/bx/n/10.95 (-20) Std20
 []


Overfull \hbox (4.06224pt too wide) in paragraph at lines 1593--1594
 []\T1/lmr/bx/n/10.95 (-20) SeC
 []


Overfull \hbox (6.59035pt too wide) in paragraph at lines 1595--1596
 []\T1/lmr/bx/n/10.95 (-20) Supp
 []


Overfull \hbox (12.48718pt too wide) in paragraph at lines 1597--1598
 []\T1/lmr/bx/n/10.95 (-20) Undet
 []


Overfull \hbox (14.53224pt too wide) in paragraph at lines 1599--1600
 []\T1/lmr/bx/n/10.95 (-20) Pseudo
 []


Overfull \hbox (18.41196pt too wide) in paragraph at lines 1607--1607
[]|\T1/lmr/m/n/10.95 (-20) GCF_000189635.1|  
 []


Overfull \hbox (18.41196pt too wide) in paragraph at lines 1609--1609
[]|\T1/lmr/m/n/10.95 (-20) GCF_000165425.1|  
 []


Overfull \hbox (19.45502pt too wide) in paragraph at lines 1611--1611
[]|\T1/lmr/m/n/10.95 (-20) GCA_000295675.1|  
 []


Overfull \hbox (19.45502pt too wide) in paragraph at lines 1613--1613
[]|\T1/lmr/m/n/10.95 (-20) GCA_001447515.1|  
 []


Overfull \hbox (9.99927pt too wide) in paragraph at lines 1615--1615
\T1/lmr/m/it/10.95 (-20) grandinella|  
 []


Overfull \hbox (19.45502pt too wide) in paragraph at lines 1615--1615
[]|\T1/lmr/m/n/10.95 (-20) GCA_006369765.1|  
 []


Overfull \hbox (19.45502pt too wide) in paragraph at lines 1617--1617
[]|\T1/lmr/m/n/10.95 (-20) GCA_030463445.1|  
 []


Overfull \hbox (19.45502pt too wide) in paragraph at lines 1619--1619
[]|\T1/lmr/m/n/10.95 (-20) GCA_048569255.1|  
 []


Overfull \hbox (19.45502pt too wide) in paragraph at lines 1621--1621
[]|\T1/lmr/m/n/10.95 (-20) GCA_001880345.2|  
 []


Overfull \hbox (0.50316pt too wide) in paragraph at lines 1623--1623
\T1/lmr/m/it/10.95 (-20) woodruffi|  
 []


Overfull \hbox (19.45502pt too wide) in paragraph at lines 1623--1623
[]|\T1/lmr/m/n/10.95 (-20) GCA_021440025.1|  
 []


Overfull \hbox (19.45502pt too wide) in paragraph at lines 1625--1625
[]|\T1/lmr/m/n/10.95 (-20) GCA_021440005.1|  
 []


Overfull \hbox (0.50316pt too wide) in paragraph at lines 1627--1627
\T1/lmr/m/it/10.95 (-20) woodruffi|  
 []


Overfull \hbox (19.45502pt too wide) in paragraph at lines 1627--1627
[]|\T1/lmr/m/n/10.95 (-20) GCA_027382605.1|  
 []


Overfull \hbox (19.45502pt too wide) in paragraph at lines 1629--1629
[]|\T1/lmr/m/n/10.95 (-20) GCA_965603825.1|  
 []


Overfull \hbox (19.45502pt too wide) in paragraph at lines 1631--1631
[]|\T1/lmr/m/n/10.95 (-20) GCA_028554745.1|  
 []


Overfull \hbox (19.45502pt too wide) in paragraph at lines 1633--1633
[]|\T1/lmr/m/n/10.95 (-20) GCA_000027325.1|  
 []


Overfull \hbox (18.41196pt too wide) in paragraph at lines 1635--1635
[]|\T1/lmr/m/n/10.95 (-20) GCF_910574535.1|  
 []


Overfull \hbox (19.45502pt too wide) in paragraph at lines 1637--1637
[]|\T1/lmr/m/n/10.95 (-20) GCA_001970955.1|  
 []


Overfull \hbox (18.41196pt too wide) in paragraph at lines 1639--1639
[]|\T1/lmr/m/n/10.95 (-20) GCF_000220395.1|  
 []


Overfull \hbox (19.45502pt too wide) in paragraph at lines 1641--1641
[]|\T1/lmr/m/n/10.95 (-20) GCA_022984795.1|  
 []



[21] [22]
Overfull \hbox (13.53629pt too wide) in paragraph at lines 1666--1670
[]\T1/lmr/bx/n/10.95 (-20) Best-case MIS \T1/lmr/m/n/10.95 (-20) ($\OML/lmm/m/i
t/10.95 p \OT1/lmr/m/n/10.95 (-20) = 0\OML/lmm/m/it/10.95 :\OT1/lmr/m/n/10.95 (
-20) 012$\T1/lmr/m/n/10.95 (-20) ): \T1/lmr/m/it/10.95 (-20) S. cere-visiae \T1
/lmr/m/n/10.95 (-20) mito/Thr, \T1/lmr/m/it/10.95 (-20) S. obliquus \T1/lmr/m/n
/10.95 (-20) mito/Leu, \T1/lmr/m/it/10.95 (-20) P. tannophilus\T1/lmr/m/n/10.95
 (-20) /Ala,
 []



[23]
<FigE_trna_aa_rank.png, id=444, 542.025pt x 397.485pt>
File: FigE_trna_aa_rank.png Graphic file (type png)
<use FigE_trna_aa_rank.png>
Package pdftex.def Info: FigE_trna_aa_rank.png  used on input line 1723.
(pdftex.def)             Requested size: 418.82375pt x 307.15004pt.


[24 <./FigE_trna_aa_rank.png>] [25]
Overfull \hbox (0.56592pt too wide) in paragraph at lines 1915--1915
 []|\T1/lmr/bx/n/10.95 (-20) Variant| 
 []


Overfull \hbox (0.56592pt too wide) in paragraph at lines 1921--1921
 []|\T1/lmr/bx/n/10.95 (-20) Variant| 
 []

[26]

[27]
Overfull \hbox (17.25687pt too wide) in paragraph at lines 2060--2068
\T1/lmr/m/n/10.95 (-20) ranks. The com-plete fit-ted JSON out-put is also re-le
ased as \T1/lmtt/m/n/10.95 output/evolutionary_simulation.json
 []



[28]

[29]
<FigG_condlogit_diagnostics.png, id=501, 939.51pt x 310.761pt>
File: FigG_condlogit_diagnostics.png Graphic file (type png)
<use FigG_condlogit_diagnostics.png>
Package pdftex.def Info: FigG_condlogit_diagnostics.png  used on input line 227
4.
(pdftex.def)             Requested size: 418.82375pt x 138.53241pt.


[30]
Overfull \hbox (39.36574pt too wide) in paragraph at lines 2303--2316
\T1/lmr/m/n/10.95 (-20) the con-di-tional logit like-li-hood over all $\OML/lmm
/m/it/10.95 k\OT1/lmr/m/n/10.95 (-20) !$ \T1/lmr/m/n/10.95 (-20) or-der-ings, c
om-put-ing $\OML/lmm/m/it/10.95 L[] \OT1/lmr/m/n/10.95 (-20) = (1\OML/lmm/m/it/
10.95 =k\OT1/lmr/m/n/10.95 (-20) !) [][] [][] \OML/lmm/m/it/10.95 P []$
 []



[31 <./FigG_condlogit_diagnostics.png>]

[32]
Overfull \hbox (9.68143pt too wide) in paragraph at lines 2500--2500
 []|\T1/lmr/bx/n/10.95 (-20) Observed|
 []


Overfull \hbox (9.68143pt too wide) in paragraph at lines 2505--2505
 []|\T1/lmr/bx/n/10.95 (-20) Observed|
 []



[33]
<FigW_walsh_spectrum.png, id=559, 520.344pt x 505.89pt>
File: FigW_walsh_spectrum.png Graphic file (type png)
<use FigW_walsh_spectrum.png>
Package pdftex.def Info: FigW_walsh_spectrum.png  used on input line 2523.
(pdftex.def)             Requested size: 418.82375pt x 407.20586pt.


[34]

[35 <./FigW_walsh_spectrum.png>]

[36]
<FigSl_slavov_saap.png, id=598, 542.025pt x 375.804pt>
File: FigSl_slavov_saap.png Graphic file (type png)
<use FigSl_slavov_saap.png>
Package pdftex.def Info: FigSl_slavov_saap.png  used on input line 2716.
(pdftex.def)             Requested size: 418.82375pt x 290.39641pt.


[37 <./FigSl_slavov_saap.png>]
<FigG_bit_position_bias.png, id=616, 505.89pt x 361.35pt>
File: FigG_bit_position_bias.png Graphic file (type png)
<use FigG_bit_position_bias.png>
Package pdftex.def Info: FigG_bit_position_bias.png  used on input line 2775.
(pdftex.def)             Requested size: 418.82375pt x 299.16504pt.


[38 <./FigG_bit_position_bias.png>]

[39]

[40]

[41]

[42]

[43] (./supplement.aux)
 ***********
LaTeX2e <2024-11-01> patch level 2
L3 programming layer <2025-01-18>
 ***********
Package rerunfilecheck Info: File `supplement.out' has not changed.
(rerunfilecheck)             Checksum: 882052CA16F0C55B0AD7A196FE186E86;12932.
 ) 
Here is how much of TeX's memory you used:
 22566 strings out of 473190
 430117 string characters out of 5715801
 878833 words of memory out of 5000000
 44879 multiletter control sequences out of 15000+600000
 689074 words of font info for 346 fonts, out of 8000000 for 9000
 1141 hyphenation exceptions out of 8191
 75i,15n,80p,2239b,1219s stack positions out of 10000i,1000n,20000p,200000b,200000s
</usr/local/texlive/2025/texmf-dist/fonts/type1/public/lm/lmbsy10.pfb></usr/l
ocal/texlive/2025/texmf-dist/fonts/type1/public/lm/lmbx10.pfb></usr/local/texli
ve/2025/texmf-dist/fonts/type1/public/lm/lmbx7.pfb></usr/local/texlive/2025/tex
mf-dist/fonts/type1/public/lm/lmbx8.pfb></usr/local/texlive/2025/texmf-dist/fon
ts/type1/public/lm/lmbxi10.pfb></usr/local/texlive/2025/texmf-dist/fonts/type1/
public/lm/lmex10.pfb></usr/local/texlive/2025/texmf-dist/fonts/type1/public/lm/
lmmi10.pfb></usr/local/texlive/2025/texmf-dist/fonts/type1/public/lm/lmmi6.pfb>
</usr/local/texlive/2025/texmf-dist/fonts/type1/public/lm/lmmi7.pfb></usr/local
/texlive/2025/texmf-dist/fonts/type1/public/lm/lmmi8.pfb></usr/local/texlive/20
25/texmf-dist/fonts/type1/public/lm/lmmib10.pfb></usr/local/texlive/2025/texmf-
dist/fonts/type1/public/lm/lmr10.pfb></usr/local/texlive/2025/texmf-dist/fonts/
type1/public/lm/lmr12.pfb></usr/local/texlive/2025/texmf-dist/fonts/type1/publi
c/lm/lmr5.pfb></usr/local/texlive/2025/texmf-dist/fonts/type1/public/lm/lmr6.pf
b></usr/local/texlive/2025/texmf-dist/fonts/type1/public/lm/lmr7.pfb></usr/loca
l/texlive/2025/texmf-dist/fonts/type1/public/lm/lmr8.pfb></usr/local/texlive/20
25/texmf-dist/fonts/type1/public/lm/lmri10.pfb></usr/local/texlive/2025/texmf-d
ist/fonts/type1/public/lm/lmri7.pfb></usr/local/texlive/2025/texmf-dist/fonts/t
ype1/public/lm/lmri9.pfb></usr/local/texlive/2025/texmf-dist/fonts/type1/public
/lm/lmsy10.pfb></usr/local/texlive/2025/texmf-dist/fonts/type1/public/lm/lmsy6.
pfb></usr/local/texlive/2025/texmf-dist/fonts/type1/public/lm/lmsy7.pfb></usr/l
ocal/texlive/2025/texmf-dist/fonts/type1/public/lm/lmsy8.pfb></usr/local/texliv
e/2025/texmf-dist/fonts/type1/public/lm/lmtt10.pfb></usr/local/texlive/2025/tex
mf-dist/fonts/type1/public/amsfonts/symbols/msam10.pfb></usr/local/texlive/2025
/texmf-dist/fonts/type1/public/amsfonts/symbols/msbm10.pfb>
Output written on supplement.pdf (43 pages, 2259200 bytes).
PDF statistics:
 877 PDF objects out of 1000 (max. 8388607)
 734 compressed objects within 8 object streams
 186 named destinations out of 1000 (max. 500000)
 69040 words of extra memory for PDF output out of 74296 (max. 10000000)

